[7h[0;40;33m[?33hВВВВВВВВВВВВВВВВВВВВВВВВВВВВВВВВВВВВВВВВВВВВВВВВВ
ВВВВВВВВВВВВВВВВВВВВВВВВВВВВВВВВВВВВВВВВВВВВВВВВВ
[1;43mФФФФФФФФФФФФФФФФФФФФФФФФФФФФФФФФФФФФФФФФФФФФФП[0;33mВВВ
[43;30mБББББББББББББББББББББББББББББББББББББББББББББ[1;33mГ[0;33mВВВ
[43;30mААААААААААААААААААААААААААААААААААААААААААААБ[1;33mГ[0;33mВВВ
[5;1;47;37mАлллллллллллллллллллллллллллллллллллллллллл[0;43;30mАБ[1;33mГ[0;33mВВВ
[5;1;47;37mллллллллллллллллллллллллллллллллллллллллллл[0;43;30mАБ[1;33mГ[0;33mВВВ
[5;1;47;37mллллллллллллллллллллллллллллллллллллллллллл[0;43;30mАБ[1;33mГ[0;33mВВВ
[5;1;47;37mллллллллллллллллллллллллллллллллллллллллллл[0;43;30mАБ[1;33mГ[0;33mВВВ
[5;1;47;37mллллллллллллллллллллллллллллллллллллллллллл[0;43;30mАБ[1;33mГ[0;33mВВВ
[5;1;47;37mллллллллллллллллллллллллллллллллллллллллллл[0;43;30mАБ[1;33mГ[0;33mВВВ
[5;1;47;37mллллллллллллллллллллллллллллллллллллллллллл[0;43;30mАБ[1;33mГ[0;33mВВВ
[5;1;47;37mллллллллллллллллллллллллллллллллллллллллллл[0;43;30mАБ[1;33mГ[0;33mВВВ
[5;1;47;37mллллллллллллллллллллллллллллллллллллллллллл[0;43;30mАБ[1;33mГ[0;33mВВВ
[5;1;47;37mллллллллллллллллллллллллллллллллллллллллллл[0;43;30mАБ[1;33mГ[0;33mВВВ
[5;1;47;37mллллллллллллллллллллллллллллллллллллллллллл[0;43;30mАБ[1;33mГ[0;33mВВВ
[5;1;47;37mллллллллллллллллллллллллллллллллллллллллллл[0;43;30mАБ[1;33mГ[0;33mВВВ
[5;1;47;37mллллллллллллллллллллллллллллллллллллллллллл[0;43;30mАБ[1;33mГ[0;33mВВВ
[5;1;47;37mллллллллллллллллллллллллллллллллллллллллллл[0;43;30mАБ[1;33mГ[0;33mВВВ
[5;1;47;37mллллллллллллллллллллллллллллллллллллллллллл[0;43;30mАБ[1;33mГ[0;33mВВВ
[5;1;47;37mллллллллллллллллллллллллллллллллллллллллллл[0;43;30mАБ[1;33mГ[0;33mВВВ
[5;1;47;37mллллллллллллллллллллллллллллллллллллллллллл[0;43;30mАБ[1;33mГ[0;33mВВВ
[5;1;47;37mллллллллллллллллллллллллллллллллллллллллллл[0;43;30mАБ[1;33mГ[0;33mВВВ
[5;1;47;37mллллллллллллллллллллллллллллллллллллллллллл[0;43;30mАБ[1;33mГ[0;33mВВВ
[5;1;47;37mллллллллллллллллллллллллллллллллллллллллллл[0;43;30mАБ[1;33mГ[0;33mВВВ
[5;1;47;37mллллллллллллллллллллллллллллллллллллллллллл[0;43;30mАБ[1;33mГ[0;33mВВВ
[5;1;47;37mллллллллллллллллллллллллллллллллллллллллллл[0;43;30mАБ[1;33mГ[0;33mВВВ
[5;1;47;37mллллллллллллллллллллллллллллллллллллллллллл[0;43;30mАБ[1;33mГ[0;33mВВВ
[5;1;47;37mллллллллллллллллллллллллллллллллллллллллллл[0;43;30mАБ[1;33mГ[0;33mВВВ
[5;1;47;37mллллллллллллллллллллллллллллллллллллллллллл[0;43;30mАБ[1;33mГ[0;33mВВВ
[5;1;47;37mллллллллллллллллллллллллллллллллллллллллллл[0;43;30mАБ[1;33mГ[0;33mВВВ
[5;1;47;37mллллллллллллллллллллллллллллллллллллллллллл[0;43;30mАБ[1;33mГ[0;33mВВВ
[5;1;47;37mллллллллллллллллллллллллллллллллллллллллллл[0;43;30mАБ[1;33mГ[0;33mВВВ
[5;1;47;37mллллллллллллллллллллллллллллллллллллллллллл[0;43;30mАБ[1;33mГ[0;33mВВВ
[5;1;47;37mллллллллллллллллллллллллллллллллллллллллллл[0;43;30mАБ[1;33mГ[0;33mВВВ
[5;1;47;37mллллллллллллллллллллллллллллллллллллллллллл[0;43;30mАБ[1;33mГ[0;33mВВВ
[5;1;47;37mллллллллллллллллллллллллллллллллллллллллллл[0;43;30mАБ[1;33mГ[0;33mВВВ
[5;1;47;37mллллллллллллллллллллллллллллллллллллллллллл[0;43;30mАБ[1;33mГ[0;33mВВВ
[5;1;47;37mллллллллллллллллллллллллллллллллллллллллллл[0;43;30mАБ[1;33mГ[0;33mВВВ
[5;1;47;37mллллллллллллллллллллллллллллллллллллллллллл[0;43;30mАБ[1;33mГ[0;33mВВВ
[5;1;47;37mллллллллллллллллллллллллллллллллллллллллллл[0;43;30mАБ[1;33mГ[0;33mВВВ
[5;1;47;37mллллллллллллллллллллллллллллллллллллллллллл[0;43;30mАБ[1;33mГ[0;33mВВВ
[5;1;47;37mллллллллллллллллллллллллллллллллллллллллллл[0;43;30mАБ[1;33mГ[0;33mВВВ
[5;1;47;37mллллллллллллллллллллллллллллллллллллллллллл[0;43;30mАБ[1;33mГ[0;33mВВВ
[5;1;47;37mллллллллллллллллллллллллллллллллллллллллллл[0;43;30mАБ[1;33mГ[0;33mВВВ
[5;1;47;37mллллллллллллллллллллллллллллллллллллллллллл[0;43;30mАБ[1;33mГ[0;33mВВВ
[5;1;47;37mллллллллллллллллллллллллллллллллллллллллллл[0;43;30mАБ[1;33mГ[0;33mВВВ
[5;1;47;37mллллллллллллллллллллллллллллллллллллллллллл[0;43;30mАБ[1;33mГ[0;33mВВВ
[5;1;47;37mллллллллллллллллллллллллллллллллллллллллллл[0;43;30mАБ[1;33mГ[0;33mВВВ
[5;1;47;37mллллллллллллллллллллллллллллллллллллллллллл[0;43;30mАБ[1;33mГ[0;33mВВВ
[5;1;47;37mллллллллллллллллллллллллллллллллллллллллллл[0;43;30mАБ[1;33mГ[0;33mВВВ
[5;1;47;37mллллллллллллллллллллллллллллллллллллллллллл[0;43;30mАБ[1;33mГ[0;33mВВВ
[5;1;47;37mллллллллллллллллллллллллллллллллллллллллллл[0;43;30mАБ[1;33mГ[0;33mВВВ
[5;1;47;37mллллллллллллллллллллллллллллллллллллллллллл[0;43;30mАБ[1;33mГ[0;33mВВВ
[5;1;47;37mллллллллллллллллллллллллллллллллллллллллллл[0;43;30mАБ[1;33mГ[0;33mВВВ
[5;1;47;37mллллллллллллллллллллллллллллллллллллллллллл[0;43;30mАБ[1;33mГ[0;33mВВВ
[5;1;47;37mллллллллллллллллллллллллллллллллллллллллллл[0;43;30mАБ[1;33mГ[0;33mВВВ
[5;1;47;37mллллллллллллллллллллллллллллллллллллллллллл[0;43;30mАБ[1;33mГ[0;33mВВВ
[5;1;47;37mллллллллллллллллллллллллллллллллллллллллллл[0;43;30mАБ[1;33mГ[0;33mВВВ
[5;1;47;37mллллллллллллллллллллллллллллллллллллллллллл[0;43;30mАБ[1;33mГ[0;33mВВВ
[43;30mААААААААААААААААААААААААААААААААААААААААААААБ[1;33mГ[0;33mВВВ
[43;30mБББББББББББББББББББББББББББББББББББББББББББББ[1;33mГ[0;33mВВВ
[1;43mФФФФФФФФФФФФФФФФФФФФФФФФФФФФФФФФФФФФФФФФФФФФФй[0;33mВВВ
ВВВВВВВВВВВВВВВВВВВВВВВВВВВВВВВВВВВВВВВВВВВВВВВВВ
ВВВВВВВВВВВВВВВВВВВВВВВВВВВВВВВВВВВВВВВВВВВВВВВВВ
