[7h[0;40;30m[?33h[9C[37m°°°±±±
[8C°±±±±±±±
[7C°±±±±±±±±
[6C°°±±±±±±[47;30mP[40;37m±
[6C°°±±±±[47;30mI[40;37m±±±
[1;32m°°°°°°[0m°°±±[47;30mR[40;37m±±±±±[1;32m°°°°°°°°°°°°°°°°°°°°°°°°°°
°°°°°°[0m°°±±±±±±±±[1;32m°°°°°°°°°°°°°°°°°°°°°°°°°°
°°°°°°[0m°°±±±±±±±[33m°°°°°±±°°°°±±±°°°°°±±±±°°±°
[1;32m°°°°°°[0m°°±±±±±[33m±±°°°°±±°°°°°±±±°±²°±²°±²±°±²
[1;32m°°°°°°[0m°°±±[33m°°°°°±±±°°°°±°±°°±°°°°°±°±°°±°±°
[1;32m°°°°°°°°°°°°°°°°°°°°°°°°°°°°°°°°°°°°°°°°°°
