[7h[0;1;40;37m[?33hú
[0m[11C[1mú
[0m    [1mú[0m[13C[1mú

[0m [1mú
[0m[6C[1mú[0m[5C[1mú[0m[7C[1mú

[0m[16C[1mú
[0m  [1mú[0m[6C[1mú

[0m[6C[1mú[0m[5C[1mú
[0m[18C[1mú


[0m   [1mú[0m[12C[1mú

ú
[0m[5C[1mú[0m    [1mú
[0m[19C[1mú

[0m  [1mú
[0m  [1m [0m[9C[1mú
