[7h[0;1;40;35m[?33h€[0m[38C[1;35m€
















[0m[33C€€€€€€€
[32C€€∞∞∞∞∞∞
[1;35m€[0m[29C€€€∞∞∞∞∞∞∞
[1;35m€[0m[28C€€∞∞∞∞∞∞∞∞∞
[29C€∞∞∞∞∞∞∞∞∞∞
[19C€€€€[6C€∞∞∞∞€€€€€€
[19C€∞∞€[6C€∞∞∞∞€
[17C€€€∞∞€€€€€€€€∞∞∞∞€
[17C€∞∞∞∞∞∞∞∞∞∞∞∞∞∞∞∞€
[17C€∞∞∞∞∞∞∞∞∞∞∞∞∞∞∞∞€
[17C€∞∞∞∞∞∞∞∞∞∞∞∞∞∞∞∞€
[17C€∞∞∞∞€€€€€€€€€€€€€
[17C€∞∞∞∞€
[17C€∞∞∞∞€
[17C€∞∞∞∞€
[17C€∞∞∞∞€
[17C€∞∞∞∞€
[17C€∞∞∞∞€
[17C€∞∞∞∞€
[17C€∞∞∞∞€
[17C€∞∞∞∞€
[17C€∞∞∞∞€
[1;35m€[0m[16C€∞∞∞∞€[16C[1;35m€
