[7h[0;1;40;35m[?33h€[0m[16C€∞∞∞∞€[16C[1;35m€
[0m[17C€∞∞∞∞€
[17C€∞∞∞∞€
[17C€∞∞∞∞€
[17C€∞∞∞∞€
[17C€∞∞∞∞€
[17C€∞∞∞∞€
[17C€∞∞∞∞€
[17C€∞∞∞∞€
[17C€∞∞∞∞€
[17C€∞∞∞∞€
[17C€∞∞∞∞€
[17C€∞∞∞∞€
[17C€∞∞∞∞€
[17C€∞∞∞∞€
[17C€∞∞∞∞€
[17C€∞∞∞∞€
€€€€€€€€€€€€€€€€€€∞∞∞∞€
∞∞∞∞∞∞∞∞∞∞∞∞∞∞∞∞∞∞∞∞∞∞€
∞∞∞∞∞∞∞∞∞∞∞∞∞∞∞∞∞∞∞∞∞∞€
∞∞∞∞∞∞∞∞∞∞∞∞∞∞∞∞∞∞∞∞∞∞€
∞∞∞∞∞∞∞∞∞∞∞∞∞∞∞∞∞∞∞∞∞∞€
€€€€€€€€€€€€€€€€€€€€€€€
















[1;35m€[0m[38C[1;35m€
