[7h[0;40;37m[?33h[17C€∞∞∞∞€
[17C€∞∞∞∞€
[17C€∞∞∞∞€
[17C€∞∞∞∞€
[17C€∞∞∞∞€
[17C€∞∞∞∞€
[17C€∞∞∞∞€
[17C€∞∞∞∞€
[17C€∞∞∞∞€
[17C€∞∞∞∞€
[17C€∞∞∞∞€
[17C€∞∞∞∞€
[17C€∞∞∞∞€
[17C€∞∞∞∞€
[17C€∞∞∞∞€
[17C€∞∞∞∞€
[17C€∞∞∞∞€
€€€€€€€€€€€€€€€€€€∞∞∞∞€
∞∞∞∞∞∞∞∞∞∞∞∞∞∞∞∞∞∞∞∞∞∞€
∞∞∞∞∞∞∞∞∞∞∞∞∞∞∞∞∞∞∞∞∞∞€
∞∞∞∞∞∞∞∞∞∞∞∞∞∞∞∞∞∞∞∞∞∞€
∞∞∞∞∞∞∞∞∞∞∞∞∞∞∞∞∞∞∞∞∞∞€
€€€€€€€€€€€€€€€€€€€€€€€
