[7h[0;40;30m[?33h[10C[33m‹
[10C›
[10C›[32m∞∞∞±±±±±∞∞∞
[10C[33m›   [32m∞∞∞∞∞
[10C[33m≤
[10C≤
   [31m ±±±±±‹[33m≤[31m‹±±±±±±
   ±±≤≤€≤≤≤±±±±±±±±±
  ±±≤€€≤≤±±±±±±±±±±±±
 ±±≤≤≤±±±±±±±±±±±±∞∞±±
 ±≤≤≤≤±±±±±±±±±±±±±∞∞±
 ±≤≤≤±±±±±±±±±±±±±±∞∞±
 ±±±±±±±±±±±±±±±∞∞∞∞∞±
 ±±±±±±±±±±±±±∞∞∞∞∞∞∞±
 ±±±±±±±±±±±±∞∞∞∞∞∞∞∞±
 ±±±±±±±±±±±∞∞∞∞∞∞∞∞±±
  ±∞±±±∞∞∞∞∞∞∞∞∞∞∞∞±±
   ±∞∞∞∞∞∞±∞∞∞∞∞∞±±±
    ±±±±±±ﬂ±±±±±±±±
